// Jest Snapshot v1, https://goo.gl/fbAQLP

exports[`should match snapshot 1`] = `
<div
  class="sc-bdnxRM"
>
  <div
    class="sc-gtsrHT bsaVBs"
  >
    <a
      href="/"
    >
      <img
        alt="marvel-logo"
        src="http://localhost/assets/marvel-logo.png"
      />
    </a>
  </div>
</div>
`;
